
> magic-patterns-vite-template@0.0.1 build
> npx vite build

[36mvite v7.3.0 [32mbuilding client environment for production...[36m[39m
transforming...
[32mΓ£ô[39m 2715 modules transformed.
rendering chunks...
computing gzip size...
[2mdist/[22m[32mindex.html                 [39m[1m[2m    0.50 kB[22m[1m[22m[2m Γöé gzip:   0.32 kB[22m
[2mdist/[22m[35massets/index-PBZ_mMvW.css  [39m[1m[2m   85.94 kB[22m[1m[22m[2m Γöé gzip:  13.78 kB[22m
[2mdist/[22m[36massets/index-BiF_zihc.js   [39m[1m[2m1,094.23 kB[22m[1m[22m[2m Γöé gzip: 308.78 kB[22m
[32mΓ£ô built in 23.01s[39m
